
> family-finance-app@0.1.1 test
> jest

node.exe : FAIL src/hooks/__tests__/useSpendingPower.test.ts
At line:1 char:1
+ & "C:\Program Files\nodejs/node.exe" "C:\Program Files\nodejs/node_mo ...
+ ~~~~~~~~~~~~~~~~~~~~~~~~~~~~~~~~~~~~~~~~~~~~~~~~~~~~~~~~~~~~~~~~~~~~~
    + CategoryInfo          : NotSpecified: (FAIL src/hooks/...ngPower.test.ts:String) [], RemoteException
    + FullyQualifiedErrorId : NativeCommandError
 
  ΓùÅ Console

    console.log
      [SpendingPower] Billing day: 1

      at src/hooks/useSpendingPower.ts:35:13

    console.log
      [SpendingPower] Per├¡odo: 2026 - 5

      at src/hooks/useSpendingPower.ts:36:13

    console.log
      [SpendingPower] Start: 2026-04-30T23:00:00.000Z End: 2026-05-30T23:00:00.000Z

      at src/hooks/useSpendingPower.ts:37:13

    console.log
      [SpendingPower] Now: 2026-05-05T21:43:47.259Z

      at src/hooks/useSpendingPower.ts:38:13

    console.log
      [SpendingPower] Total transa├º├╡es: 2

      at src/hooks/useSpendingPower.ts:39:13

    console.log
      [SpendingPower] Total budgets: 0

      at src/hooks/useSpendingPower.ts:40:13

    console.log
      [SpendingPower] Total goals: 1

      at src/hooks/useSpendingPower.ts:41:13

    console.log
      [SpendingPower] Transa├º├╡es no per├¡odo: 2

      at src/hooks/useSpendingPower.ts:60:13

    console.log
      [SpendingPower] Income: 2500 Expenses: 1800

      at src/hooks/useSpendingPower.ts:70:13

    console.log
      [SpendingPower] Budgets: 0 Spent: 0 Remaining: 0

      at src/hooks/useSpendingPower.ts:77:13

    console.log
      [SpendingPower] Goals allocated: 0

      at src/hooks/useSpendingPower.ts:89:13

    console.log
      [SpendingPower] Balance: 700 Available: 700

      at src/hooks/useSpendingPower.ts:95:13

    console.log
      [SpendingPower] Daily budget: 26.923076923076923 Remaining days: 26

      at src/hooks/useSpendingPower.ts:105:13

    console.log
      [SpendingPower] Final: {
        available: 700,
        dailyBudget: 26.923076923076923,
        status: 'good',
        message: 'Podes gastar ~26.92Γé¼/dia'
      }

      at src/hooks/useSpendingPower.ts:124:13

    console.log
      [SpendingPower] Billing day: 1

      at src/hooks/useSpendingPower.ts:35:13

    console.log
      [SpendingPower] Per├¡odo: 2026 - 5

      at src/hooks/useSpendingPower.ts:36:13

    console.log
      [SpendingPower] Start: 2026-04-30T23:00:00.000Z End: 2026-05-30T23:00:00.000Z

      at src/hooks/useSpendingPower.ts:37:13

    console.log
      [SpendingPower] Now: 2026-05-05T21:43:47.277Z

      at src/hooks/useSpendingPower.ts:38:13

    console.log
      [SpendingPower] Total transa├º├╡es: 2

      at src/hooks/useSpendingPower.ts:39:13

    console.log
      [SpendingPower] Total budgets: 0

      at src/hooks/useSpendingPower.ts:40:13

    console.log
      [SpendingPower] Total goals: 0

      at src/hooks/useSpendingPower.ts:41:13

    console.log
      [SpendingPower] Transa├º├╡es no per├¡odo: 2

      at src/hooks/useSpendingPower.ts:60:13

    console.log
      [SpendingPower] Income: 2500 Expenses: 1800

      at src/hooks/useSpendingPower.ts:70:13

    console.log
      [SpendingPower] Budgets: 0 Spent: 0 Remaining: 0

      at src/hooks/useSpendingPower.ts:77:13

    console.log
      [SpendingPower] Goals allocated: 0

      at src/hooks/useSpendingPower.ts:89:13

    console.log
      [SpendingPower] Balance: 700 Available: 700

      at src/hooks/useSpendingPower.ts:95:13

    console.log
      [SpendingPower] Daily budget: 26.923076923076923 Remaining days: 26

      at src/hooks/useSpendingPower.ts:105:13

    console.log
      [SpendingPower] Final: {
        available: 700,
        dailyBudget: 26.923076923076923,
        status: 'good',
        message: 'Podes gastar ~26.92Γé¼/dia'
      }

      at src/hooks/useSpendingPower.ts:124:13

    console.log
      [SpendingPower] Billing day: 1

      at src/hooks/useSpendingPower.ts:35:13

    console.log
      [SpendingPower] Per├¡odo: 2026 - 5

      at src/hooks/useSpendingPower.ts:36:13

    console.log
      [SpendingPower] Start: 2026-04-30T23:00:00.000Z End: 2026-05-30T23:00:00.000Z

      at src/hooks/useSpendingPower.ts:37:13

    console.log
      [SpendingPower] Now: 2026-05-05T21:43:47.281Z

      at src/hooks/useSpendingPower.ts:38:13

    console.log
      [SpendingPower] Total transa├º├╡es: 2

      at src/hooks/useSpendingPower.ts:39:13

    console.log
      [SpendingPower] Total budgets: 0

      at src/hooks/useSpendingPower.ts:40:13

    console.log
      [SpendingPower] Total goals: 0

      at src/hooks/useSpendingPower.ts:41:13

    console.log
      [SpendingPower] Transa├º├╡es no per├¡odo: 2

      at src/hooks/useSpendingPower.ts:60:13

    console.log
      [SpendingPower] Income: 1000 Expenses: 1500

      at src/hooks/useSpendingPower.ts:70:13

    console.log
      [SpendingPower] Budgets: 0 Spent: 0 Remaining: 0

      at src/hooks/useSpendingPower.ts:77:13

    console.log
      [SpendingPower] Goals allocated: 0

      at src/hooks/useSpendingPower.ts:89:13

    console.log
      [SpendingPower] Balance: -500 Available: -500

      at src/hooks/useSpendingPower.ts:95:13

    console.log
      [SpendingPower] Daily budget: -19.23076923076923 Remaining days: 26

      at src/hooks/useSpendingPower.ts:105:13

    console.log
      [SpendingPower] Final: {
        available: -500,
        dailyBudget: -19.23076923076923,
        status: 'danger',
        message: 'Ultrapassaste o or├ºamento este m├¬s'
      }

      at src/hooks/useSpendingPower.ts:124:13

    console.log
      [SpendingPower] Billing day: 1

      at src/hooks/useSpendingPower.ts:35:13

    console.log
      [SpendingPower] Per├¡odo: 2026 - 5

      at src/hooks/useSpendingPower.ts:36:13

    console.log
      [SpendingPower] Start: 2026-04-30T23:00:00.000Z End: 2026-05-30T23:00:00.000Z

      at src/hooks/useSpendingPower.ts:37:13

    console.log
      [SpendingPower] Now: 2026-05-05T21:43:47.284Z

      at src/hooks/useSpendingPower.ts:38:13

    console.log
      [SpendingPower] Total transa├º├╡es: 2

      at src/hooks/useSpendingPower.ts:39:13

    console.log
      [SpendingPower] Total budgets: 0

      at src/hooks/useSpendingPower.ts:40:13

    console.log
      [SpendingPower] Total goals: 0

      at src/hooks/useSpendingPower.ts:41:13

    console.log
      [SpendingPower] Transa├º├╡es no per├¡odo: 2

      at src/hooks/useSpendingPower.ts:60:13

    console.log
      [SpendingPower] Income: 1000 Expenses: 900

      at src/hooks/useSpendingPower.ts:70:13

    console.log
      [SpendingPower] Budgets: 0 Spent: 0 Remaining: 0

      at src/hooks/useSpendingPower.ts:77:13

    console.log
      [SpendingPower] Goals allocated: 0

      at src/hooks/useSpendingPower.ts:89:13

    console.log
      [SpendingPower] Balance: 100 Available: 100

      at src/hooks/useSpendingPower.ts:95:13

    console.log
      [SpendingPower] Daily budget: 3.8461538461538463 Remaining days: 26

      at src/hooks/useSpendingPower.ts:105:13

    console.log
      [SpendingPower] Final: {
        available: 100,
        dailyBudget: 3.8461538461538463,
        status: 'warning',
        message: 'Aten├º├úo ao ritmo de gastos (3.85Γé¼/dia)'
      }

      at src/hooks/useSpendingPower.ts:124:13

    console.log
      [SpendingPower] Billing day: 1

      at src/hooks/useSpendingPower.ts:35:13

    console.log
      [SpendingPower] Per├¡odo: 2026 - 5

      at src/hooks/useSpendingPower.ts:36:13

    console.log
      [SpendingPower] Start: 2026-04-30T23:00:00.000Z End: 2026-05-30T23:00:00.000Z

      at src/hooks/useSpendingPower.ts:37:13

    console.log
      [SpendingPower] Now: 2026-05-05T21:43:47.288Z

      at src/hooks/useSpendingPower.ts:38:13

    console.log
      [SpendingPower] Total transa├º├╡es: 2

      at src/hooks/useSpendingPower.ts:39:13

    console.log
      [SpendingPower] Total budgets: 0

      at src/hooks/useSpendingPower.ts:40:13

    console.log
      [SpendingPower] Total goals: 0

      at src/hooks/useSpendingPower.ts:41:13

    console.log
      [SpendingPower] Transa├º├╡es no per├¡odo: 2

      at src/hooks/useSpendingPower.ts:60:13

    console.log
      [SpendingPower] Income: 2500 Expenses: 1000

      at src/hooks/useSpendingPower.ts:70:13

    console.log
      [SpendingPower] Budgets: 0 Spent: 0 Remaining: 0

      at src/hooks/useSpendingPower.ts:77:13

    console.log
      [SpendingPower] Goals allocated: 0

      at src/hooks/useSpendingPower.ts:89:13

    console.log
      [SpendingPower] Balance: 1500 Available: 1500

      at src/hooks/useSpendingPower.ts:95:13

    console.log
      [SpendingPower] Daily budget: 57.69230769230769 Remaining days: 26

      at src/hooks/useSpendingPower.ts:105:13

    console.log
      [SpendingPower] Final: {
        available: 1500,
        dailyBudget: 57.69230769230769,
        status: 'good',
        message: 'Podes gastar ~57.69Γé¼/dia'
      }

      at src/hooks/useSpendingPower.ts:124:13

    console.log
      [SpendingPower] Billing day: 1

      at src/hooks/useSpendingPower.ts:35:13

    console.log
      [SpendingPower] Per├¡odo: 2026 - 5

      at src/hooks/useSpendingPower.ts:36:13

    console.log
      [SpendingPower] Start: 2026-04-30T23:00:00.000Z End: 2026-05-30T23:00:00.000Z

      at src/hooks/useSpendingPower.ts:37:13

    console.log
      [SpendingPower] Now: 2026-05-05T21:43:47.295Z

      at src/hooks/useSpendingPower.ts:38:13

    console.log
      [SpendingPower] Total transa├º├╡es: 0

      at src/hooks/useSpendingPower.ts:39:13

    console.log
      [SpendingPower] Total budgets: 0

      at src/hooks/useSpendingPower.ts:40:13

    console.log
      [SpendingPower] Total goals: 0

      at src/hooks/useSpendingPower.ts:41:13

    console.log
      [SpendingPower] Transa├º├╡es no per├¡odo: 0

      at src/hooks/useSpendingPower.ts:60:13

    console.log
      [SpendingPower] Income: 0 Expenses: 0

      at src/hooks/useSpendingPower.ts:70:13

    console.log
      [SpendingPower] Budgets: 0 Spent: 0 Remaining: 0

      at src/hooks/useSpendingPower.ts:77:13

    console.log
      [SpendingPower] Goals allocated: 0

      at src/hooks/useSpendingPower.ts:89:13

    console.log
      [SpendingPower] Balance: 0 Available: 0

      at src/hooks/useSpendingPower.ts:95:13

    console.log
      [SpendingPower] Daily budget: 0 Remaining days: 26

      at src/hooks/useSpendingPower.ts:105:13

    console.log
      [SpendingPower] Final: {
        available: 0,
        dailyBudget: 0,
        status: 'warning',
        message: 'Aten├º├úo ao ritmo de gastos (0.00Γé¼/dia)'
      }

      at src/hooks/useSpendingPower.ts:124:13

    console.log
      [SpendingPower] Billing day: 1

      at src/hooks/useSpendingPower.ts:35:13

    console.log
      [SpendingPower] Per├¡odo: 2026 - 5

      at src/hooks/useSpendingPower.ts:36:13

    console.log
      [SpendingPower] Start: 2026-04-30T23:00:00.000Z End: 2026-05-30T23:00:00.000Z

      at src/hooks/useSpendingPower.ts:37:13

    console.log
      [SpendingPower] Now: 2026-05-05T21:43:47.297Z

      at src/hooks/useSpendingPower.ts:38:13

    console.log
      [SpendingPower] Total transa├º├╡es: 2

      at src/hooks/useSpendingPower.ts:39:13

    console.log
      [SpendingPower] Total budgets: 0

      at src/hooks/useSpendingPower.ts:40:13

    console.log
      [SpendingPower] Total goals: 1

      at src/hooks/useSpendingPower.ts:41:13

    console.log
      [SpendingPower] Transa├º├╡es no per├¡odo: 2

      at src/hooks/useSpendingPower.ts:60:13

    console.log
      [SpendingPower] Income: 2500 Expenses: 1800

      at src/hooks/useSpendingPower.ts:70:13

    console.log
      [SpendingPower] Budgets: 0 Spent: 0 Remaining: 0

      at src/hooks/useSpendingPower.ts:77:13

    console.log
      [SpendingPower] Goals allocated: 0

      at src/hooks/useSpendingPower.ts:89:13

    console.log
      [SpendingPower] Balance: 700 Available: 700

      at src/hooks/useSpendingPower.ts:95:13

    console.log
      [SpendingPower] Daily budget: 26.923076923076923 Remaining days: 26

      at src/hooks/useSpendingPower.ts:105:13

    console.log
      [SpendingPower] Final: {
        available: 700,
        dailyBudget: 26.923076923076923,
        status: 'good',
        message: 'Podes gastar ~26.92Γé¼/dia'
      }

      at src/hooks/useSpendingPower.ts:124:13

  ΓùÅ useSpendingPower ΓÇ║ calcula available corretamente (income - expenses - goals)

    expect(received).toBeLessThan(expected)

    Expected: < 700
    Received:   700

    [0m [90m 59 |[39m     [90m// available Γëê 641.67[39m
     [90m 60 |[39m     
expect(result[33m.[39mcurrent[33m.[39mavailable)[33m.[39mtoBeGreaterThan([35m600[39m)[33m;[39m
    [31m[1m>[22m[39m[90m 61 |[39m     
expect(result[33m.[39mcurrent[33m.[39mavailable)[33m.[39mtoBeLessThan([35m700[39m)[33m;[39m
     [90m    |[39m                                      [31m[1m^[22m[39m
     [90m 62 |[39m   })[33m;[39m
     [90m 63 |[39m
     [90m 64 |[39m   it([32m'retorna dailyBudget correto'[39m[33m,[39m () [33m=>[39m {[0m

      at Object.<anonymous> (src/hooks/__tests__/useSpendingPower.test.ts:61:38)

PASS src/lib/ai/__tests__/aiValidation.test.ts
PASS src/hooks/__tests__/useSubscriptionTracker.test.ts
PASS src/hooks/__tests__/useFiscalSnapshot.test.ts

Test Suites: 1 failed, 3 passed, 4 total
Tests:       1 failed, 32 passed, 33 total
Snapshots:   0 total
Time:        0.976 s, estimated 1 s
Ran all test suites.
